// Jest Snapshot v1, https://goo.gl/fbAQLP

exports[`render expense list item 1`] = `
<Link
  className="list-item"
  replace={false}
  to="/edit/ID 2"
>
  <div>
    <h3
      className="list-item__title"
    >
      ABC
    </h3>
    <span
      className="list-item__sub-title"
    >
      $3.00
    </span>
  </div>
  <h3
    className="list-item__data"
  >
    December 31st 1969
  </h3>
</Link>
`;
